TAP version 13
# AC-003 contactMerge 契约测试
# ========================================
#   PASS  mergeContacts 成功：tombstone + 引用重定向 + 日志 + 事件 + 审计
#   PASS  mergeContacts 缺 survivorId → INVALID_INPUT
#   PASS  mergeContacts survivorId === mergedId → INVALID_INPUT
#   PASS  mergeContacts survivor 不存在 → SURVIVOR_NOT_FOUND
#   PASS  mergeContacts 合并已 tombstone 的联系人 → ALREADY_MERGED
#   PASS  乐观并发冲突 → VERSION_CONFLICT 且整体回滚
#   PASS  undoMerge 成功恢复被合并联系人并回退引用
#   PASS  undoMerge 重复撤销 → NOT_APPLIED
#   PASS  undoMerge 未知 journalId → JOURNAL_NOT_FOUND
#   PASS  合并删被合并画像(survivor 已有)→撤销精确回插
#   PASS  多表引用(对话/AI任务)重定向与撤销回退
#   PASS  AI回复反馈事件与联系人级学习画像随合并迁移并可撤销
#   PASS  getMergeState 读取日志状态
# ========================================
# 总计: 13 通过, 0 失败
# 全部通过 ✅
# Subtest: backend/tests/contactMerge.test.js
ok 1 - backend/tests/contactMerge.test.js
  ---
  duration_ms: 4018.754475
  type: 'test'
  ...
1..1
# tests 1
# suites 0
# pass 1
# fail 0
# cancelled 0
# skipped 0
# todo 0
# duration_ms 4024.995411
