TAP version 13
# Subtest: analysis result authority rejects empty output and produces a committed auditable receipt for complete output
ok 1 - analysis result authority rejects empty output and produces a committed auditable receipt for complete output
  ---
  duration_ms: 2.110272
  type: 'test'
  ...
# Subtest: translation readiness requires a distinct qualified primary and fallback model
ok 2 - translation readiness requires a distinct qualified primary and fallback model
  ---
  duration_ms: 3.804796
  type: 'test'
  ...
# Subtest: core AI readiness distinguishes requested activation, primary operation, and resilient main-backup readiness
ok 3 - core AI readiness distinguishes requested activation, primary operation, and resilient main-backup readiness
  ---
  duration_ms: 5.663015
  type: 'test'
  ...
# Subtest: workspace analysis and frontend use terminal receipts instead of unconditional success text
ok 4 - workspace analysis and frontend use terminal receipts instead of unconditional success text
  ---
  duration_ms: 2.750767
  type: 'test'
  ...
1..4
# tests 4
# suites 0
# pass 4
# fail 0
# cancelled 0
# skipped 0
# todo 0
# duration_ms 64.73185
