TAP version 13
# Subtest: social analysis presentation separates facts, inferences, risks and recommendations with evidence
ok 1 - social analysis presentation separates facts, inferences, risks and recommendations with evidence
  ---
  duration_ms: 3.846259
  type: 'test'
  ...
# Subtest: workspace trajectory wires the same four-layer authority without loading optional platform dependencies
ok 2 - workspace trajectory wires the same four-layer authority without loading optional platform dependencies
  ---
  duration_ms: 0.543063
  type: 'test'
  ...
# Subtest: translation terminology protects URLs, numbers and user glossary terms
ok 3 - translation terminology protects URLs, numbers and user glossary terms
  ---
  duration_ms: 9.660065
  type: 'test'
  ...
# Subtest: translation quality blocks missing numbers or links
ok 4 - translation quality blocks missing numbers or links
  ---
  duration_ms: 0.901941
  type: 'test'
  ...
# Subtest: learning quality uses real send/reject/edit/language and learning-hit evidence
ok 5 - learning quality uses real send/reject/edit/language and learning-hit evidence
  ---
  duration_ms: 1.847111
  type: 'test'
  ...
1..5
# tests 5
# suites 0
# pass 5
# fail 0
# cancelled 0
# skipped 0
# todo 0
# duration_ms 76.184923
