TAP version 13
# Subtest: automatic recovery terminates only the identity-matched previous Yance backend owner
ok 1 - automatic recovery terminates only the identity-matched previous Yance backend owner
  ---
  duration_ms: 36.330393
  type: 'test'
  ...
# Subtest: automatic recovery never terminates a PID-reused unrelated process
ok 2 - automatic recovery never terminates a PID-reused unrelated process
  ---
  duration_ms: 4.513702
  type: 'test'
  ...
# Subtest: automatic recovery remains fail-closed when a live owner identity cannot be verified
ok 3 - automatic recovery remains fail-closed when a live owner identity cannot be verified
  ---
  duration_ms: 5.95363
  type: 'test'
  ...
# Subtest: production desktop startup opts into safe owner and containment recovery
ok 4 - production desktop startup opts into safe owner and containment recovery
  ---
  duration_ms: 1.557374
  type: 'test'
  ...
1..4
# tests 4
# suites 0
# pass 4
# fail 0
# cancelled 0
# skipped 0
# todo 0
# duration_ms 165.565273
