
> yance-desktop@0.0.0-development test:round13-ai-quality
> node --test --test-concurrency=1 backend/tests/aiQualityRouteAuthority.test.js backend/tests/aiGatewayQualityEnforcement.test.js backend/tests/round13AIQualityArchitecture.test.js backend/tests/systemAuditRound2DirectorProduction.test.js

TAP version 13
# (node:20904) ExperimentalWarning: SQLite is an experimental feature and might change at any time
# (Use `node --trace-warnings ...` to show where the warning was created)
# Subtest: AiGateway blocks a legacy-eligible translation model that lacks translation quality qualification
ok 1 - AiGateway blocks a legacy-eligible translation model that lacks translation quality qualification
  ---
  duration_ms: 2.336512
  type: 'test'
  ...
# Subtest: AiGateway does not permit conditional translation even when a stale route requests human review
ok 2 - AiGateway does not permit conditional translation even when a stale route requests human review
  ---
  duration_ms: 0.497721
  type: 'test'
  ...
# Subtest: AiGateway blocks fact extraction when JSON schema capability is missing
ok 3 - AiGateway blocks fact extraction when JSON schema capability is missing
  ---
  duration_ms: 1.44501
  type: 'test'
  ...
# Subtest: AiGateway executes a commercially qualified translation model through the quality gate
ok 4 - AiGateway executes a commercially qualified translation model through the quality gate
  ---
  duration_ms: 0.913119
  type: 'test'
  ...
# Subtest: core reply routes require high-capability primary and same-tier fallback
ok 5 - core reply routes require high-capability primary and same-tier fallback
  ---
  duration_ms: 2.850623
  type: 'test'
  ...
# Subtest: a weaker fallback does not count as reliable continuity for a high primary
ok 6 - a weaker fallback does not count as reliable continuity for a high primary
  ---
  duration_ms: 0.502696
  type: 'test'
  ...
# Subtest: conditional trial remains visible and requires human review
ok 7 - conditional trial remains visible and requires human review
  ---
  duration_ms: 0.300107
  type: 'test'
  ...
# Subtest: emergency output is explicitly isolated from long-term learning
ok 8 - emergency output is explicitly isolated from long-term learning
  ---
  duration_ms: 2.119557
  type: 'test'
  ...
# Subtest: failure classification prefers same-tier recovery actions
ok 9 - failure classification prefers same-tier recovery actions
  ---
  duration_ms: 0.52271
  type: 'test'
  ...
# Subtest: translation quality is evaluated independently from social reply quality
ok 10 - translation quality is evaluated independently from social reply quality
  ---
  duration_ms: 0.215591
  type: 'test'
  ...
# Subtest: learning synthesis can reach high tier only through a fully qualified director-grade model
ok 11 - learning synthesis can reach high tier only through a fully qualified director-grade model
  ---
  duration_ms: 0.264566
  type: 'test'
  ...
# (node:20918) ExperimentalWarning: SQLite is an experimental feature and might change at any time
# (Use `node --trace-warnings ...` to show where the warning was created)
# Subtest: DirectorStrategyV2 is reusable until context, persona, memory or learning versions change
ok 12 - DirectorStrategyV2 is reusable until context, persona, memory or learning versions change
  ---
  duration_ms: 259.577081
  type: 'test'
  ...
# Subtest: candidate plans keep one persona while creating distinct strategy branches
ok 13 - candidate plans keep one persona while creating distinct strategy branches
  ---
  duration_ms: 236.766543
  type: 'test'
  ...
# Subtest: eligible L1 feedback changes the next preference profile immediately
ok 14 - eligible L1 feedback changes the next preference profile immediately
  ---
  duration_ms: 259.285415
  type: 'test'
  ...
# Subtest: emergency candidates are recorded for audit but excluded from learning profiles
ok 15 - emergency candidates are recorded for audit but excluded from learning profiles
  ---
  duration_ms: 270.068015
  type: 'test'
  ...
# Subtest: L3 Persona promotion requires high confidence, current cross-contact L2 profiles and human approval
ok 16 - L3 Persona promotion requires high confidence, current cross-contact L2 profiles and human approval
  ---
  duration_ms: 274.3186
  type: 'test'
  ...
# Subtest: goal-driven memory recall prioritizes useful evidence and suppresses conflicts and unsupported claims
ok 17 - goal-driven memory recall prioritizes useful evidence and suppresses conflicts and unsupported claims
  ---
  duration_ms: 0.806628
  type: 'test'
  ...
# Subtest: production candidate variants map to distinct controlled strategy branches
ok 18 - production candidate variants map to distinct controlled strategy branches
  ---
  duration_ms: 0.504762
  type: 'test'
  ...
# Subtest: production sent feedback writes one idempotent L1 signal and changes the next branch preference
ok 19 - production sent feedback writes one idempotent L1 signal and changes the next branch preference
  ---
  duration_ms: 319.489631
  type: 'test'
  ...
# Subtest: candidate interactions remain provisional until successful send and emergency results stay excluded
ok 20 - candidate interactions remain provisional until successful send and emergency results stay excluded
  ---
  duration_ms: 266.704227
  type: 'test'
  ...
# (node:20925) ExperimentalWarning: SQLite is an experimental feature and might change at any time
# (Use `node --trace-warnings ...` to show where the warning was created)
# Subtest: production candidate path executes director first and manual controls override automatic plan
ok 21 - production candidate path executes director first and manual controls override automatic plan
  ---
  duration_ms: 335.67774
  type: 'test'
  ...
# Subtest: invalid director output blocks reply generation and reports the director stage truthfully
ok 22 - invalid director output blocks reply generation and reports the director stage truthfully
  ---
  duration_ms: 4.061776
  type: 'test'
  ...
# Subtest: director schema repair retries the exact successful model once before reply generation
ok 23 - director schema repair retries the exact successful model once before reply generation
  ---
  duration_ms: 7.61136
  type: 'test'
  ...
# Subtest: director schema rejects wrong language, internal identifiers and invalid question counts
ok 24 - director schema rejects wrong language, internal identifiers and invalid question counts
  ---
  duration_ms: 0.338811
  type: 'test'
  ...
1..24
# tests 24
# suites 0
# pass 24
# fail 0
# cancelled 0
# skipped 0
# todo 0
# duration_ms 2919.309562
